10:12:28 **** Incremental Build of configuration Default for project ZPP_Epuck2_Project ****
make all 
[1;34mCompiling main.c[0m
[1;34mLinking build/Project_template.elf[0m
[1;34mCreating build/Project_template.hex[0m
[1;34mCreating build/Project_template.bin[0m
[1;34mCreating build/Project_template.dmp[0m

   text	   data	    bss	    dec	    hex	filename
  56212	   2988	   7228	  66428	  1037c	build/Project_template.elf
[1;34mCreating build/Project_template.list[0m

[1;34mDone[0m
10:14:10 **** Incremental Build of configuration Default for project ZPP_Epuck2_Project ****
make all 
make: 对“all”无需做任何事。
10:16:27 **** Incremental Build of configuration Default for project ZPP_Epuck2_Project ****
make all 
make: 对“all”无需做任何事。
10:20:36 **** Incremental Build of configuration Default for project ZPP_Epuck2_Project ****
make all 
make: 对“all”无需做任何事。
